// Jest Snapshot v1, https://goo.gl/fbAQLP

exports[`exportToSvg with default arguments 1`] = `
<svg
  height="120"
  version="1.1"
  viewBox="0 0 120 120"
  width="120"
  xmlns="http://www.w3.org/2000/svg"
>
  
  
  <!-- svg-source:excalidraw -->
  
  
  
  <defs>
    
    
    <style
      class="style-fonts"
    >
      
      @font-face {
        font-family: "Virgil";
        src: url("https://excalidraw.com/Virgil.woff2");
      }
      @font-face {
        font-family: "Cascadia";
        src: url("https://excalidraw.com/Cascadia.woff2");
      }
    
    </style>
    
  
  </defs>
  
  
  <g
    stroke-linecap="round"
    transform="translate(10 10) rotate(0 50 50)"
  >
    <path
      d="M0.32 50.63 C0.32 50.63, 0.32 50.63, 0.32 50.63 M0.32 50.63 C0.32 50.63, 0.32 50.63, 0.32 50.63 M1.31 55.08 C15.31 40.32, 29.59 22.37, 41.3 9.81 M2.95 54.67 C16.06 38.64, 28.38 26.08, 41.31 11.16 M5.17 55.28 C18.64 40.54, 34.59 23.3, 53.31 1.2 M6.19 55.83 C19.7 40.85, 33.94 25.36, 52.84 2.99 M8.12 57.33 C28.32 38.18, 46.32 16.69, 57.78 5.54 M9.05 59.26 C25.33 39.84, 41.83 20.42, 56.36 4.41 M12.23 63.33 C23.99 47.5, 34.76 34.04, 58.25 7.72 M12.1 62.42 C25.64 45.74, 39.58 29.47, 59.39 6.7 M14.29 65.31 C33.6 44.37, 51.89 21.73, 61.4 11.6 M14.95 64.35 C25.42 51.41, 36.81 39.88, 61.57 11.19 M17.44 69.69 C30.26 56.06, 39.46 44.26, 65.11 14.18 M17.51 68.63 C34.43 47.57, 51.04 27.25, 64.33 13.82 M21.98 70.02 C37.96 53.4, 51.32 32.51, 66.76 17.85 M20.5 70.41 C29.55 59.82, 39.04 48.82, 66.82 15.79 M21.73 71.26 C33.76 59.36, 45.61 49.75, 69.47 19.91 M23.35 73.09 C39.91 53.14, 58.94 32.17, 69.77 19.39 M26.91 74.54 C41.56 60.59, 55.7 44.03, 72.29 22.07 M26.74 75.44 C39.06 62.99, 49.89 47.62, 73.34 21.9 M27.68 77.61 C45.49 62.49, 58.86 43.36, 74.53 26.67 M29.77 78.46 C46.48 58.69, 65.8 38.46, 75.03 24.23 M29.82 83.37 C45.64 68.39, 59.09 52.88, 78 26.2 M31.24 82.29 C42.16 70.24, 50.48 58.61, 77.54 28.77 M33.5 84.64 C46.6 69.19, 61.43 52.15, 81.17 32.8 M34.1 85.27 C44.17 73.12, 52.8 63.6, 80.62 31.25 M37.69 88.37 C54.96 70.16, 71.4 49.55, 82.89 35.26 M37.41 86.61 C46.27 76.03, 56.22 65.63, 84.34 34.18 M38.98 88.4 C54.78 76.48, 66.88 59.43, 87.83 36.78 M40.83 89.54 C52.97 74.67, 64.21 61.17, 86.21 36.91 M43.18 94 C60.91 72.19, 77.04 51.45, 90.21 39.94 M43.86 92.11 C52.94 82.13, 62.98 68.89, 90.51 39.02 M44.93 94.32 C62.61 77.05, 76.42 59.94, 91.95 44.23 M45.02 96.15 C61.2 76.98, 78.3 58.77, 92.03 42.23 M50.55 99.15 C60.63 81.82, 75.04 67.37, 96.9 43.53 M48.39 98.32 C65.04 78.28, 81.92 59.44, 94.04 46.22 M50.38 99.19 C69.54 81.19, 85.85 58.94, 99.21 46.38 M51.53 100.79 C62.45 87.27, 73.41 74.93, 98.13 47.3"
      fill="none"
      stroke="#15aabf"
      stroke-width="0.5"
    />
    <path
      d="M50.55 -1.01 C62.82 12.44, 78.03 26.68, 100.3 51.7 M50.44 0.46 C69.95 19.26, 89.63 39.73, 99.86 51.76 M98.12 50.21 C82.92 71.13, 65.15 88.19, 49.66 98.72 M99.37 50.68 C88.57 62.94, 74.79 76.37, 50.44 100 M52.55 99.9 C35.86 87.61, 23.16 74.12, 0.75 52.33 M51.67 99.75 C32.82 83.31, 13.73 65.72, 0.11 50.74 M-1.95 52.94 C13.84 37.62, 25.27 26.82, 50.8 2 M0.66 50.92 C16.45 35.71, 32.61 18.7, 51.59 0.01"
      fill="none"
      stroke="#000000"
      stroke-width="1"
    />
  </g>
  <g
    stroke-linecap="round"
    transform="translate(10 10) rotate(0 50 50)"
  >
    <path
      d="M16.06 13.96 C16.06 13.96, 16.06 13.96, 16.06 13.96 M16.06 13.96 C16.06 13.96, 16.06 13.96, 16.06 13.96 M5.51 34 C13.17 23.26, 20.2 13.31, 28.19 8.96 M5.48 33.35 C12.13 25.41, 19.79 15.96, 26.45 7.6 M5.56 37.62 C16.59 25.63, 28.15 12.22, 38.46 2.39 M5.11 40.5 C16.67 26.96, 28.16 13.15, 36.64 1.59 M4.66 45.59 C13.25 35.02, 21.41 28.15, 39.56 4.69 M4.57 46.97 C11.96 37.32, 20.9 26.56, 40.44 3.42 M5.51 50.51 C13.89 43.35, 21.63 34.54, 46.26 4.75 M4.27 51.77 C16.66 37.46, 28.38 22.96, 44.97 4.33 M0.17 60.65 C18.76 40.92, 37.97 17.6, 49.71 5.16 M0.46 61.18 C19.32 40.86, 37.47 20.77, 50.84 4.21 M2.75 65.39 C21.01 45.29, 37.92 25.46, 57.52 4.43 M3.54 66.52 C18.04 48.78, 32.49 30.26, 55.79 4.21 M4.72 71.04 C27.28 44.43, 49.83 20.12, 62.05 5.19 M4.98 68.42 C25.81 45.48, 47.44 20.41, 60.72 5.33 M5.52 72.07 C22.65 55.25, 37.54 35.66, 64.61 5.49 M7.57 72.36 C23.86 52.77, 40.82 32.55, 67.4 4.05 M9.59 78.6 C21.66 63, 36.06 48.95, 71.76 7.03 M10.08 76.55 C27.55 55.62, 45.62 35.85, 70.49 7 M12.56 81.85 C25.42 62.46, 40.04 46.55, 72.17 9.63 M11.06 79.79 C28.06 60.16, 44.33 40.26, 73.94 7.75 M13.55 82.49 C28.83 65.98, 48.28 43.76, 76.92 11.53 M14.8 84.16 C33.23 60.15, 53.34 38.08, 77.01 9.5 M18.1 87.31 C40.08 56.47, 62.85 30.47, 80.4 12.36 M15.8 86.08 C37.59 61.7, 60.84 34.46, 80.7 12.46 M19 88.26 C40.74 67.47, 58.92 43.28, 83.23 13.91 M19.34 89.69 C44.04 60.94, 70.07 31.37, 84.33 14.92 M24.66 90.68 C46.24 63.97, 68.7 37.2, 88.49 16.36 M23.39 91.54 C41.48 71.33, 57.27 52.46, 87.46 15.92 M26.62 93.33 C42.62 75.25, 55.76 56.91, 91.37 20.55 M25.78 92.9 C44.69 72.7, 64.26 51.51, 91.05 19.89 M29.13 94.58 C54.77 68.16, 76.36 39.34, 89.98 24.69 M29.39 94.36 C49.44 73.98, 66.44 53.75, 91.98 23.72 M33.42 96.74 C47.73 82.49, 62.82 64.22, 92.32 25.67 M34.06 96.57 C55.92 72.5, 76.96 48.57, 93.62 28.4 M36.63 98.74 C60.32 74.26, 79.82 54.48, 97.25 30.51 M37.14 99.24 C54.89 79.32, 74.61 58.8, 96.4 30.94 M40.66 99.17 C55.88 83.45, 65.33 69.82, 99.98 34.12 M41.95 98.58 C59.45 80.37, 76.18 63.41, 98.97 34.44 M49.2 99.75 C62.61 81.39, 76.76 66.6, 99.71 40.34 M48.46 99.18 C68.17 76.49, 88.85 52.13, 101.44 39.52 M53.89 98.89 C65.67 88.12, 73.58 74.8, 99.93 45.65 M53.06 97.85 C64.12 87.68, 74.24 77.45, 101.28 44.38 M58.61 99.36 C71.02 84.02, 84.02 72.64, 100.47 49.9 M58.48 99.78 C74.3 82.44, 89.18 65.6, 101.07 49.98 M64.37 99.36 C78.85 81.75, 90.01 65.78, 99.33 56.12 M62.3 99.9 C77.88 84.17, 91.11 66.99, 99.88 56.12 M72.13 92.65 C79.7 86.54, 88.47 76.42, 98.79 63.47 M73.38 93.43 C80.92 86.16, 85.53 79.8, 99.02 64.85"
      fill="none"
      stroke="#15aabf"
      stroke-width="0.5"
    />
    <path
      d="M38.1 1.46 C45.72 -1.06, 55.49 -0.08, 63.58 2.19 C71.68 4.46, 80.88 9.29, 86.67 15.09 C92.46 20.89, 96.33 29.02, 98.32 36.99 C100.32 44.97, 101 54.87, 98.62 62.96 C96.24 71.05, 90.17 79.66, 84.03 85.55 C77.89 91.43, 69.57 96.06, 61.79 98.28 C54 100.51, 45.12 100.97, 37.32 98.91 C29.52 96.84, 21.11 92.03, 14.99 85.89 C8.88 79.75, 2.75 70.16, 0.63 62.05 C-1.48 53.94, -0.22 45.19, 2.3 37.23 C4.82 29.28, 9.28 20.51, 15.77 14.3 C22.25 8.1, 36.21 2.25, 41.23 0.02 C46.25 -2.21, 45.49 0.09, 45.88 0.91 M40.94 1.53 C48.29 -0.28, 59.04 0.38, 66.96 3.27 C74.89 6.16, 83.12 12.22, 88.48 18.88 C93.85 25.53, 97.82 35.15, 99.18 43.21 C100.54 51.28, 99.41 59.58, 96.65 67.29 C93.89 74.99, 88.87 84.03, 82.63 89.47 C76.39 94.91, 67.44 98.55, 59.2 99.93 C50.97 101.3, 41.25 100.52, 33.2 97.7 C25.15 94.87, 16.16 89.68, 10.9 82.99 C5.64 76.3, 2.84 65.86, 1.64 57.57 C0.45 49.28, 0.99 40.72, 3.74 33.24 C6.5 25.76, 11.77 18.2, 18.18 12.7 C24.59 7.2, 38.36 1.99, 42.22 0.24 C46.09 -1.5, 41.49 1.56, 41.37 2.2"
      fill="none"
      stroke="#000000"
      stroke-width="1"
    />
  </g>
</svg>
`;

exports[`exportToSvg with elements that have a link 1`] = `
"
  <!-- svg-source:excalidraw -->
  
  <defs>
    <style class=\\"style-fonts\\">
      @font-face {
        font-family: \\"Virgil\\";
        src: url(\\"https://excalidraw.com/Virgil.woff2\\");
      }
      @font-face {
        font-family: \\"Cascadia\\";
        src: url(\\"https://excalidraw.com/Cascadia.woff2\\");
      }
    </style>
  </defs>
  <a href=\\"excalidraw.com\\"><g stroke-linecap=\\"round\\" transform=\\"translate(10 10) rotate(0 107 107)\\"><path d=\\"M0 0 C0 0, 0 0, 0 0 M0 0 C0 0, 0 0, 0 0 M-0.81 6.83 C1.42 4.82, 3.76 1.52, 5.21 0.19 M-0.15 6.66 C1.8 4.06, 3.47 2.78, 5.22 0.73 M-0.29 10.96 C2.44 8.61, 6.86 4.4, 10.93 -0.91 M0.52 11.4 C3.45 8.64, 6.67 5.66, 10.55 0.52 M-0.73 16.51 C7.35 10.86, 13.5 3, 17.44 0.95 M0.2 18.45 C5.73 11.79, 11.18 5.08, 16.02 -0.18 M0.75 25.53 C5.82 17, 10.04 11.07, 20.53 0.11 M0.63 24.62 C6.15 16.7, 12.35 9.33, 21.67 -0.92 M-0.46 31.29 C10.67 19.56, 20.95 6.14, 26.3 0.97 M0.19 30.33 C6.15 22.94, 12.8 16.86, 26.48 0.56 M0.06 38.68 C9.21 29.05, 14.84 21.35, 32.64 0.53 M0.13 37.62 C11.7 22.94, 22.8 8.94, 31.86 0.17 M1.97 42.03 C14.26 29.52, 23.97 12.83, 36.26 1.93 M0.5 42.42 C7.49 34.15, 14.87 25.57, 36.32 -0.12 M-1.55 47.05 C9.52 36.22, 20.47 27.66, 42.25 0.23 M0.07 48.87 C15.17 30.66, 32.72 11.39, 42.55 -0.3 M1 53.34 C15.85 39.16, 30.2 22.36, 47.03 0.12 M0.83 54.24 C13.32 41.61, 24.32 26.03, 48.09 -0.05 M-1.51 60.18 C18.44 42.68, 33.89 21.16, 51.91 1.7 M0.58 61.04 C19.82 38.42, 41.63 15.34, 52.4 -0.74 M-2 68.97 C17.08 50.31, 33.78 31.07, 58 -1.79 M-0.57 67.89 C12.79 53.01, 23.57 38.56, 57.54 0.78 M-0.94 73.26 C17.3 51.99, 37.15 29.16, 63.79 1.79 M-0.34 73.88 C13.12 57.81, 25.23 44.29, 63.24 0.24 M-0.02 80.75 C25.47 53.17, 50.04 23.22, 68.13 1.24 M-0.31 79 C13.15 62.83, 27.89 46.91, 69.58 0.16 M-1.36 83.81 C22.43 62.66, 42.64 36.29, 75.7 -0.26 M0.49 84.94 C20.19 61.39, 38.84 39.35, 74.08 -0.14 M-0.44 93.19 C29.84 56.59, 58.57 21.34, 80.05 0.63 M0.23 91.29 C16.75 73.26, 34.07 51.65, 80.34 -0.29 M-1.32 96.52 C29.7 64.08, 56.68 31.83, 85.06 1.15 M-1.23 98.35 C28.8 63.78, 59.61 29.8, 85.15 -0.85 M1.68 104.37 C24.69 72.49, 52 43.21, 91.99 -1.81 M-0.48 103.54 C31.96 64.64, 64.99 27.22, 89.13 0.87 M-1.77 108.18 C36.54 67.37, 72.5 22.54, 96.92 -1.99 M-0.63 109.78 C22.47 82.36, 45.16 56.53, 95.84 -1.07 M-1.12 114.79 C38.49 70.57, 74.74 30, 101.81 -1.93 M1.19 116.33 C38.03 73.29, 76.06 29.97, 100.42 0.88 M2 120.2 C36.47 78.86, 73.59 37.62, 107.95 0.68 M0.39 120.97 C29.7 88.16, 58.99 53.35, 106.73 -0.13 M-1.32 128.06 C41.12 75.45, 86.81 26, 110.99 -1.18 M-0.57 128.82 C35.82 86.5, 72.74 44.1, 111.91 0.79 M-1.02 135.64 C43.91 82.98, 87.98 32.05, 117.79 -1.37 M-0.27 134.74 C26.27 106.76, 50.22 76.9, 116.93 1.16 M-1.8 139.9 C35.21 104.38, 65.53 62.78, 120.66 1.37 M-0.43 139.71 C38.55 95.61, 78.01 50.56, 122.46 -0.53 M1.76 147.91 C29.11 117.4, 55.37 85.99, 127.68 1.48 M0.53 145.69 C46.44 94.62, 91.7 39.92, 126.74 -0.41 M0.17 150.85 C33.17 115.83, 61.4 80.26, 131.64 0.9 M0.15 151.84 C53.25 90.23, 106.14 30.74, 132.16 -0.36 M-1.84 157.7 C37.59 114.01, 76.78 70.61, 136.63 -0.45 M0.35 158.99 C30.36 122.85, 60.89 88, 137.61 0.03 M-0.23 166.11 C29.43 128.1, 58.73 93.84, 143.89 -0.53 M-0.32 164.8 C28.62 130.08, 57.48 96.97, 144 -0.28 M0.58 169.48 C50.77 111.65, 102.4 55.59, 147.57 0.38 M0.18 171.37 C41.33 123.45, 81.86 77.61, 148.81 0.27 M-0.43 175.5 C42.41 129.13, 83.17 82.4, 153.98 0.49 M-0.38 176.58 C56.14 112.56, 110.58 48.82, 153.05 0 M0.7 184.05 C39.63 137.27, 77.83 89.07, 159.24 -1.15 M-0.04 183.65 C61.15 113.46, 120.25 43.45, 159.1 0.14 M0.78 189.08 C63.86 116.64, 126.59 42.93, 165.06 -0.83 M-0.1 189.24 C43.16 138.18, 87.83 86.83, 164.16 0.56 M1.24 193.84 C36.84 154.67, 72.19 113.57, 170.32 -1.11 M-0.39 194.15 C64.21 119.86, 128.3 45.54, 169.93 0.91 M-0.29 202.73 C49.19 146.43, 96.87 92.17, 176.44 -0.47 M0.13 200.67 C52.92 138.41, 108.19 74.96, 174.6 -0.26 M1.16 206.55 C59.57 139.38, 118.88 71.01, 179.33 -0.46 M-0.07 207.43 C53.03 145.16, 107.35 82.74, 180.4 0.42 M0.22 213.68 C60.95 141.62, 123.88 71.22, 187.21 0.77 M0.6 214.05 C46.1 157.63, 93.55 102.73, 185.97 0.53 M1.26 216.37 C45.53 168.31, 87.98 118.47, 190.76 -1.23 M3.04 216.09 C67.52 139.61, 132.76 63.4, 190.6 -0.35 M7.95 217.48 C67.06 150.79, 124.44 83.38, 196.32 1.03 M7.93 216.35 C53.89 161.92, 100.46 109.21, 196.09 -0.51 M12.62 217.33 C58.21 163, 105.7 107.92, 202.43 -0.59 M13.54 216.66 C71.71 147.52, 130.4 81.02, 201.49 0.82 M18.27 217.27 C66.39 160.5, 115.21 104.07, 208.36 0.27 M18.01 215.72 C58.01 168.33, 99.25 121.93, 206.76 -0.82 M24.9 216.54 C74.66 158.72, 125.24 98.12, 212.06 0.05 M23.39 216.76 C89.76 140.49, 156.61 64.23, 211.91 -0.02 M28.87 215.01 C94.99 140.87, 162.5 64.39, 216.64 2.5 M28.76 215.55 C79.01 159.87, 128.27 103.38, 215.68 1.25 M32.95 216.11 C83.19 160.31, 131.85 106.05, 216.52 8.63 M33.94 217.11 C75.45 168.61, 117.47 121.55, 216.54 8.14 M39.78 217.56 C92.26 159.75, 140.57 102.37, 215.58 12.68 M40.11 216.11 C90.9 157.88, 140.49 99.7, 215.33 14 M43.47 216.97 C104.46 148.92, 163.67 79.54, 215.48 18.1 M44.41 216.74 C89.24 164.57, 133.58 113.45, 215.55 19.53 M50.78 215.1 C93.5 164.92, 139.86 112.9, 214.41 26.53 M49.78 215.99 C110.29 149.66, 168.81 81.69, 215.73 26.76 M57.12 215.58 C107.36 155.81, 157.92 97.78, 215.19 31.92 M54.97 216.03 C113.66 149.14, 173.56 80.85, 215.38 32.06 M61.3 215.31 C95.1 175.75, 132.1 134.8, 216.98 38.89 M61.19 216.77 C109.52 160.05, 158.35 103.94, 216.2 38.35 M67.47 216.77 C115.11 158.21, 167.71 97.2, 216.63 45.21 M66.77 216.96 C102.08 174.52, 137.46 133.67, 215.1 44.3 M70.35 215.08 C103.39 179.45, 138.17 141.98, 216.94 49.42 M72.29 216.59 C103.33 179.45, 132.1 146.13, 215.3 50.78 M77.48 217.53 C112.79 176.25, 148.92 136.21, 214.87 56.96 M76.92 216.34 C126.01 159.84, 176.06 104.61, 216.09 56.89 M83.65 216.59 C109.9 184.76, 137.67 151.42, 216.82 64.24 M81.86 216.8 C115.56 177.43, 148.43 139.03, 215.35 63.31 M86.45 216.6 C117.96 179.57, 150.68 145.05, 215.64 67.24 M86.76 215.76 C133.59 164.04, 179.87 111.6, 216.32 67.66 M92.5 217.18 C130.08 175.3, 164.37 136.62, 217.67 75.31 M93.31 216.93 C121.12 183.96, 149.71 151.9, 216.67 74.37 M97.31 214.67 C122.26 188.24, 148.41 160.47, 217.8 78.71 M97.27 217.16 C133.41 175.31, 167.83 132.89, 216.35 79.87 M102.05 215.76 C128.77 182.73, 159.47 152.36, 217.64 85.73 M103.92 216.03 C140.06 172.81, 177.77 130.15, 216.44 86.54 M108.77 215.29 C145.82 169.8, 184.54 127.33, 214.48 93.3 M108.6 216.14 C152.4 169.17, 193.64 120.21, 215.53 93.61 M113.85 217.99 C138.74 189.67, 160.26 165.2, 215.6 100.97 M113.85 215.19 C144.51 180.53, 176.69 143.07, 215.68 99.56 M119.06 216.26 C139.68 192.15, 161.93 164.32, 216.54 104.97 M120.04 216.13 C141.97 189.71, 164.98 164.4, 216.3 104.47 M124.31 216.62 C147.59 192.15, 170.4 161.51, 217.92 112.68 M123.84 216.01 C151.85 183.74, 178.95 152.19, 216.63 110.91 M130.04 217.74 C153.81 189.32, 176.55 163.35, 216.49 116.35 M130.09 216.38 C146.84 196.06, 166.21 175.33, 216.35 118.08 M135.41 216.47 C160.47 188.02, 182.14 159.88, 213.93 123.66 M135.78 217.64 C155.48 194.76, 172.71 172.66, 216.06 124.66 M139.2 218.28 C157.86 195.92, 177.77 173.69, 215.14 127.67 M140.43 215.93 C161.4 191.88, 182.03 169.94, 215.2 129.17 M146.79 215.06 C162.71 194.09, 180.79 177.42, 214.55 136.84 M144.79 217.28 C160.2 199.12, 174.78 183.05, 215.91 136.41 M151.66 214.81 C171.28 196.29, 187.11 175.48, 216.92 141.52 M151.91 215.67 C176.44 188.45, 199.88 160.32, 215.56 142.26 M154.38 215.47 C172.69 198.01, 192.07 175.16, 216.36 147.74 M155.82 217.21 C174.84 196.04, 193.76 174.8, 215.32 147.85 M160.14 214.61 C179.82 197.41, 195.96 177.17, 217.2 155.66 M162.6 216.26 C174.04 201, 186.86 187.65, 214.67 154.44 M165.72 215.2 C184.79 196.83, 203.71 176.89, 216.23 161.56 M167.04 217.53 C178.06 204.41, 186.16 194.48, 215.28 159.73 M173.01 215.35 C189.21 198.76, 204.39 179.52, 216.99 167.92 M171.74 216.2 C188.55 197.71, 202.6 180.81, 214.93 166.35 M176 218.1 C188.62 206.57, 198.94 193.03, 214.63 173.83 M177.77 216.11 C190.55 201.92, 202.86 186.55, 215.97 172.6 M182.26 217.09 C193.97 201.5, 207.69 185.56, 214.91 176.8 M183.75 215.8 C191.36 207.78, 198.34 197.48, 215.95 178.7 M187.99 218.4 C199.34 205.7, 207.8 191.99, 215.03 183.22 M188.53 216.69 C197.17 205.82, 204.83 195.35, 216.1 185.58 M195.49 214.23 C197.72 209.17, 202.2 205.99, 217.9 190.4 M194.25 215.18 C202.02 207.92, 209.16 198.59, 215.2 191.28 M200.15 216.71 C206.55 209.28, 212.55 200.97, 214.47 196.53 M199.03 216.79 C205.41 210.03, 212.23 201.38, 215.53 197.34 M203.99 215.64 C207.37 213.36, 210.04 206.68, 216.48 203.13 M204.08 216.24 C207 212.46, 211.61 208.42, 215.41 201.74 M209.93 216.23 C210.58 213.66, 212.88 213.24, 215.79 209.03 M209.77 216.09 C211.32 214.48, 213.4 211.72, 215.64 208.76\\" stroke=\\"#15aabf\\" stroke-width=\\"0.5\\" fill=\\"none\\"></path><path d=\\"M-0.39 -0.88 C55.46 -0.97, 113.94 -0.3, 214.26 0.61 M-0.49 0.4 C84.22 -0.65, 169.11 -0.38, 213.87 0.66 M212.35 -0.69 C216.14 81.33, 216.66 160.36, 212.82 212.88 M213.44 -0.28 C214.34 52.63, 212.93 106.93, 213.51 214 M215.36 213.92 C153.36 215.01, 94.72 215.24, 0.66 215.17 M214.59 213.78 C136.22 216.39, 57.75 216.64, 0.1 213.77 M-1.71 215.7 C0.69 160.6, -0.19 109.87, -0.18 1.75 M0.58 213.93 C-0.62 147.47, -0.5 79.36, 0.52 0\\" stroke=\\"#000000\\" stroke-width=\\"1\\" fill=\\"none\\"></path></g></a>"
`;

exports[`exportToSvg with exportEmbedScene 1`] = `
"
  <!-- svg-source:excalidraw -->
  <!-- payload-type:application/vnd.excalidraw+json --><!-- payload-version:2 --><!-- payload-start -->eyJ2ZXJzaW9uIjoiMSIsImVuY29kaW5nIjoiYnN0cmluZyIsImNvbXByZXNzZWQiOnRydWUsImVuY29kZWQiOiJ4nO1SsW7CMFx1MDAxMN35iihdkUjSQChcdTAwMWItVVWpalx1MDAwN1x1MDAwNqRWXHUwMDFkTHxJrFx1MDAxONvEXHUwMDBlXHUwMDEwIf69tlx1MDAwM3GJXHUwMDE4O9aDpXt+7+58945cdTAwMDPP81UjwJ95Plx1MDAxY1JEXHSu0N5cdTAwMWZcdTAwMWF8XHUwMDA3lSSc6afIxpLXVWqZhVJiNlx1MDAxYVGuXHUwMDA1XHUwMDA1l6rlXHUwMDAzhVxyMCU140vHnne0t34h2Kh2q2r7Mc9KwnC0TTfJ22L+8mmllnTQnDiMu7gxhe+TLt5cdTAwMTOsXG6NhUHQYVx1MDAwNZC8UD1cdTAwMTCxnJo2XHUwMDFkXCJVxUt44pRXppG7wFx1MDAxZVd6jdIyr3jNsOOEY4TWmeNkhNKlamg7XHUwMDAwlFx1MDAxNnVcdTAwMDV+r8Lq0mJcdTAwMGbvdJLrXHUwMDAxO5UumVx1MDAxN1xmpLzScIFSoprer0x/4lx1MDAxNdvpfv/OwPA5XHUwMDAzqyl1hVx1MDAwMbDNXHUwMDEwh5Nx8lx1MDAxMEy7XHUwMDE3t9YwXG766DtndsVhOJ1cdTAwMDZBXHUwMDFjJZOOQeRCb1jZtFx1MDAxOaJcdTAwMTLc+ExcdTAwMTPPbvtXjdRcdTAwMDKjVuR+SFx0K/s8babyRu6LOTFBXHUwMDFizrBv8dPw31///vpTf1x1MDAwMaVESDj7S992XHUwMDA2Plx1MDAxMmKpdH5Nad3m71xi7Fx1MDAxZm/sM7PH6K07zT7BNHs8XHJOP7VXYMUifQ==<!-- payload-end -->
  <defs>
    <style class=\\"style-fonts\\">
      @font-face {
        font-family: \\"Virgil\\";
        src: url(\\"https://excalidraw.com/Virgil.woff2\\");
      }
      @font-face {
        font-family: \\"Cascadia\\";
        src: url(\\"https://excalidraw.com/Cascadia.woff2\\");
      }
    </style>
  </defs>
  <g stroke-linecap=\\"round\\" transform=\\"translate(10 10) rotate(0 50 50)\\"><path d=\\"M0.32 50.63 C0.32 50.63, 0.32 50.63, 0.32 50.63 M0.32 50.63 C0.32 50.63, 0.32 50.63, 0.32 50.63 M1.31 55.08 C15.31 40.32, 29.59 22.37, 41.3 9.81 M2.95 54.67 C16.06 38.64, 28.38 26.08, 41.31 11.16 M5.17 55.28 C18.64 40.54, 34.59 23.3, 53.31 1.2 M6.19 55.83 C19.7 40.85, 33.94 25.36, 52.84 2.99 M8.12 57.33 C28.32 38.18, 46.32 16.69, 57.78 5.54 M9.05 59.26 C25.33 39.84, 41.83 20.42, 56.36 4.41 M12.23 63.33 C23.99 47.5, 34.76 34.04, 58.25 7.72 M12.1 62.42 C25.64 45.74, 39.58 29.47, 59.39 6.7 M14.29 65.31 C33.6 44.37, 51.89 21.73, 61.4 11.6 M14.95 64.35 C25.42 51.41, 36.81 39.88, 61.57 11.19 M17.44 69.69 C30.26 56.06, 39.46 44.26, 65.11 14.18 M17.51 68.63 C34.43 47.57, 51.04 27.25, 64.33 13.82 M21.98 70.02 C37.96 53.4, 51.32 32.51, 66.76 17.85 M20.5 70.41 C29.55 59.82, 39.04 48.82, 66.82 15.79 M21.73 71.26 C33.76 59.36, 45.61 49.75, 69.47 19.91 M23.35 73.09 C39.91 53.14, 58.94 32.17, 69.77 19.39 M26.91 74.54 C41.56 60.59, 55.7 44.03, 72.29 22.07 M26.74 75.44 C39.06 62.99, 49.89 47.62, 73.34 21.9 M27.68 77.61 C45.49 62.49, 58.86 43.36, 74.53 26.67 M29.77 78.46 C46.48 58.69, 65.8 38.46, 75.03 24.23 M29.82 83.37 C45.64 68.39, 59.09 52.88, 78 26.2 M31.24 82.29 C42.16 70.24, 50.48 58.61, 77.54 28.77 M33.5 84.64 C46.6 69.19, 61.43 52.15, 81.17 32.8 M34.1 85.27 C44.17 73.12, 52.8 63.6, 80.62 31.25 M37.69 88.37 C54.96 70.16, 71.4 49.55, 82.89 35.26 M37.41 86.61 C46.27 76.03, 56.22 65.63, 84.34 34.18 M38.98 88.4 C54.78 76.48, 66.88 59.43, 87.83 36.78 M40.83 89.54 C52.97 74.67, 64.21 61.17, 86.21 36.91 M43.18 94 C60.91 72.19, 77.04 51.45, 90.21 39.94 M43.86 92.11 C52.94 82.13, 62.98 68.89, 90.51 39.02 M44.93 94.32 C62.61 77.05, 76.42 59.94, 91.95 44.23 M45.02 96.15 C61.2 76.98, 78.3 58.77, 92.03 42.23 M50.55 99.15 C60.63 81.82, 75.04 67.37, 96.9 43.53 M48.39 98.32 C65.04 78.28, 81.92 59.44, 94.04 46.22 M50.38 99.19 C69.54 81.19, 85.85 58.94, 99.21 46.38 M51.53 100.79 C62.45 87.27, 73.41 74.93, 98.13 47.3\\" stroke=\\"#15aabf\\" stroke-width=\\"0.5\\" fill=\\"none\\"></path><path d=\\"M50.55 -1.01 C62.82 12.44, 78.03 26.68, 100.3 51.7 M50.44 0.46 C69.95 19.26, 89.63 39.73, 99.86 51.76 M98.12 50.21 C82.92 71.13, 65.15 88.19, 49.66 98.72 M99.37 50.68 C88.57 62.94, 74.79 76.37, 50.44 100 M52.55 99.9 C35.86 87.61, 23.16 74.12, 0.75 52.33 M51.67 99.75 C32.82 83.31, 13.73 65.72, 0.11 50.74 M-1.95 52.94 C13.84 37.62, 25.27 26.82, 50.8 2 M0.66 50.92 C16.45 35.71, 32.61 18.7, 51.59 0.01\\" stroke=\\"#000000\\" stroke-width=\\"1\\" fill=\\"none\\"></path></g><g stroke-linecap=\\"round\\" transform=\\"translate(10 10) rotate(0 50 50)\\"><path d=\\"M16.06 13.96 C16.06 13.96, 16.06 13.96, 16.06 13.96 M16.06 13.96 C16.06 13.96, 16.06 13.96, 16.06 13.96 M5.51 34 C13.17 23.26, 20.2 13.31, 28.19 8.96 M5.48 33.35 C12.13 25.41, 19.79 15.96, 26.45 7.6 M5.56 37.62 C16.59 25.63, 28.15 12.22, 38.46 2.39 M5.11 40.5 C16.67 26.96, 28.16 13.15, 36.64 1.59 M4.66 45.59 C13.25 35.02, 21.41 28.15, 39.56 4.69 M4.57 46.97 C11.96 37.32, 20.9 26.56, 40.44 3.42 M5.51 50.51 C13.89 43.35, 21.63 34.54, 46.26 4.75 M4.27 51.77 C16.66 37.46, 28.38 22.96, 44.97 4.33 M0.17 60.65 C18.76 40.92, 37.97 17.6, 49.71 5.16 M0.46 61.18 C19.32 40.86, 37.47 20.77, 50.84 4.21 M2.75 65.39 C21.01 45.29, 37.92 25.46, 57.52 4.43 M3.54 66.52 C18.04 48.78, 32.49 30.26, 55.79 4.21 M4.72 71.04 C27.28 44.43, 49.83 20.12, 62.05 5.19 M4.98 68.42 C25.81 45.48, 47.44 20.41, 60.72 5.33 M5.52 72.07 C22.65 55.25, 37.54 35.66, 64.61 5.49 M7.57 72.36 C23.86 52.77, 40.82 32.55, 67.4 4.05 M9.59 78.6 C21.66 63, 36.06 48.95, 71.76 7.03 M10.08 76.55 C27.55 55.62, 45.62 35.85, 70.49 7 M12.56 81.85 C25.42 62.46, 40.04 46.55, 72.17 9.63 M11.06 79.79 C28.06 60.16, 44.33 40.26, 73.94 7.75 M13.55 82.49 C28.83 65.98, 48.28 43.76, 76.92 11.53 M14.8 84.16 C33.23 60.15, 53.34 38.08, 77.01 9.5 M18.1 87.31 C40.08 56.47, 62.85 30.47, 80.4 12.36 M15.8 86.08 C37.59 61.7, 60.84 34.46, 80.7 12.46 M19 88.26 C40.74 67.47, 58.92 43.28, 83.23 13.91 M19.34 89.69 C44.04 60.94, 70.07 31.37, 84.33 14.92 M24.66 90.68 C46.24 63.97, 68.7 37.2, 88.49 16.36 M23.39 91.54 C41.48 71.33, 57.27 52.46, 87.46 15.92 M26.62 93.33 C42.62 75.25, 55.76 56.91, 91.37 20.55 M25.78 92.9 C44.69 72.7, 64.26 51.51, 91.05 19.89 M29.13 94.58 C54.77 68.16, 76.36 39.34, 89.98 24.69 M29.39 94.36 C49.44 73.98, 66.44 53.75, 91.98 23.72 M33.42 96.74 C47.73 82.49, 62.82 64.22, 92.32 25.67 M34.06 96.57 C55.92 72.5, 76.96 48.57, 93.62 28.4 M36.63 98.74 C60.32 74.26, 79.82 54.48, 97.25 30.51 M37.14 99.24 C54.89 79.32, 74.61 58.8, 96.4 30.94 M40.66 99.17 C55.88 83.45, 65.33 69.82, 99.98 34.12 M41.95 98.58 C59.45 80.37, 76.18 63.41, 98.97 34.44 M49.2 99.75 C62.61 81.39, 76.76 66.6, 99.71 40.34 M48.46 99.18 C68.17 76.49, 88.85 52.13, 101.44 39.52 M53.89 98.89 C65.67 88.12, 73.58 74.8, 99.93 45.65 M53.06 97.85 C64.12 87.68, 74.24 77.45, 101.28 44.38 M58.61 99.36 C71.02 84.02, 84.02 72.64, 100.47 49.9 M58.48 99.78 C74.3 82.44, 89.18 65.6, 101.07 49.98 M64.37 99.36 C78.85 81.75, 90.01 65.78, 99.33 56.12 M62.3 99.9 C77.88 84.17, 91.11 66.99, 99.88 56.12 M72.13 92.65 C79.7 86.54, 88.47 76.42, 98.79 63.47 M73.38 93.43 C80.92 86.16, 85.53 79.8, 99.02 64.85\\" stroke=\\"#15aabf\\" stroke-width=\\"0.5\\" fill=\\"none\\"></path><path d=\\"M38.1 1.46 C45.72 -1.06, 55.49 -0.08, 63.58 2.19 C71.68 4.46, 80.88 9.29, 86.67 15.09 C92.46 20.89, 96.33 29.02, 98.32 36.99 C100.32 44.97, 101 54.87, 98.62 62.96 C96.24 71.05, 90.17 79.66, 84.03 85.55 C77.89 91.43, 69.57 96.06, 61.79 98.28 C54 100.51, 45.12 100.97, 37.32 98.91 C29.52 96.84, 21.11 92.03, 14.99 85.89 C8.88 79.75, 2.75 70.16, 0.63 62.05 C-1.48 53.94, -0.22 45.19, 2.3 37.23 C4.82 29.28, 9.28 20.51, 15.77 14.3 C22.25 8.1, 36.21 2.25, 41.23 0.02 C46.25 -2.21, 45.49 0.09, 45.88 0.91 M40.94 1.53 C48.29 -0.28, 59.04 0.38, 66.96 3.27 C74.89 6.16, 83.12 12.22, 88.48 18.88 C93.85 25.53, 97.82 35.15, 99.18 43.21 C100.54 51.28, 99.41 59.58, 96.65 67.29 C93.89 74.99, 88.87 84.03, 82.63 89.47 C76.39 94.91, 67.44 98.55, 59.2 99.93 C50.97 101.3, 41.25 100.52, 33.2 97.7 C25.15 94.87, 16.16 89.68, 10.9 82.99 C5.64 76.3, 2.84 65.86, 1.64 57.57 C0.45 49.28, 0.99 40.72, 3.74 33.24 C6.5 25.76, 11.77 18.2, 18.18 12.7 C24.59 7.2, 38.36 1.99, 42.22 0.24 C46.09 -1.5, 41.49 1.56, 41.37 2.2\\" stroke=\\"#000000\\" stroke-width=\\"1\\" fill=\\"none\\"></path></g>"
`;
