// Vitest Snapshot v1, https://vitest.dev/guide/snapshot.html

exports[`Test <MermaidToExcalidraw/> > should open mermaid popup when active tool is mermaid 1`] = `
"<div class=\\"Modal Dialog ttd-dialog\\" role=\\"dialog\\" aria-modal=\\"true\\" aria-labelledby=\\"dialog-title\\" data-prevent-outside-click=\\"true\\"><div class=\\"Modal__background\\"></div><div class=\\"Modal__content\\" style=\\"--max-width: 1200px;\\" tabindex=\\"0\\"><div class=\\"Island\\"><button class=\\"Dialog__close\\" title=\\"Close\\" aria-label=\\"Close\\"><svg aria-hidden=\\"true\\" focusable=\\"false\\" role=\\"img\\" viewBox=\\"0 0 20 20\\" class=\\"\\" fill=\\"none\\" stroke=\\"currentColor\\" stroke-linecap=\\"round\\" stroke-linejoin=\\"round\\"><g clip-path=\\"url(#a)\\" stroke=\\"currentColor\\" stroke-width=\\"1.25\\" stroke-linecap=\\"round\\" stroke-linejoin=\\"round\\"><path d=\\"M15 5 5 15M5 5l10 10\\"></path></g><defs><clipPath id=\\"a\\"><path fill=\\"#fff\\" d=\\"M0 0h20v20H0z\\"></path></clipPath></defs></svg></button><div class=\\"Dialog__content\\"><div dir=\\"ltr\\" data-orientation=\\"horizontal\\" class=\\"ttd-dialog-tabs-root\\"><p class=\\"dialog-mermaid-title\\">Mermaid to Excalidraw</p><div data-state=\\"active\\" data-orientation=\\"horizontal\\" role=\\"tabpanel\\" aria-labelledby=\\"radix-:r0:-trigger-mermaid\\" id=\\"radix-:r0:-content-mermaid\\" tabindex=\\"0\\" class=\\"ttd-dialog-content\\" style=\\"animation-duration: 0s;\\"><div class=\\"ttd-dialog-desc\\">Currently only <a href=\\"https://mermaid.js.org/syntax/flowchart.html\\">Flowcharts</a> and <a href=\\"https://mermaid.js.org/syntax/sequenceDiagram.html\\">Sequence Diagrams</a> are supported. The other types will be rendered as image in Excalidraw.</div><div class=\\"ttd-dialog-panels\\"><div class=\\"ttd-dialog-panel\\"><div class=\\"ttd-dialog-panel__header\\"><label>Mermaid Syntax</label></div><textarea class=\\"ttd-dialog-input\\" placeholder=\\"Write Mermaid diagram defintion here...\\">flowchart TD
 A[Christmas] --&gt;|Get money| B(Go shopping)
 B --&gt; C{Let me think}
 C --&gt;|One| D[Laptop]
 C --&gt;|Two| E[iPhone]
 C --&gt;|Three| F[Car]</textarea><div class=\\"ttd-dialog-panel-button-container invisible\\" style=\\"display: flex; align-items: center;\\"><button type=\\"button\\" class=\\"excalidraw-button ttd-dialog-panel-button\\"><div class=\\"\\"></div></button></div></div><div class=\\"ttd-dialog-panel\\"><div class=\\"ttd-dialog-panel__header\\"><label>Preview</label></div><div class=\\"ttd-dialog-output-wrapper\\"><div style=\\"opacity: 1;\\" class=\\"ttd-dialog-output-canvas-container\\"><canvas width=\\"89\\" height=\\"158\\" dir=\\"ltr\\"></canvas></div></div><div class=\\"ttd-dialog-panel-button-container\\" style=\\"display: flex; align-items: center;\\"><button type=\\"button\\" class=\\"excalidraw-button ttd-dialog-panel-button\\"><div class=\\"\\">Insert<span><svg aria-hidden=\\"true\\" focusable=\\"false\\" role=\\"img\\" viewBox=\\"0 0 20 20\\" class=\\"\\" fill=\\"none\\" stroke=\\"currentColor\\" stroke-linecap=\\"round\\" stroke-linejoin=\\"round\\"><g stroke-width=\\"1.25\\"><path d=\\"M4.16602 10H15.8327\\"></path><path d=\\"M12.5 13.3333L15.8333 10\\"></path><path d=\\"M12.5 6.66666L15.8333 9.99999\\"></path></g></svg></span></div></button></div></div></div></div></div></div></div></div></div>"
`;
