// Jest Snapshot v1, https://goo.gl/fbAQLP

exports[`Test MobileMenu should initialize with welcome screen and hide once user interacts 1`] = `
<div
  class="welcome-screen-center"
>
  <div
    class="welcome-screen-center__logo virgil welcome-screen-decor"
  >
    <svg
      aria-hidden="true"
      class=""
      fill="none"
      focusable="false"
      role="img"
      viewBox="0 0 26 62"
    >
      <g
        fill="currentColor"
      >
        <path
          d="M24.296 12.214c0 .112-.134.224-.291.224-.135 0-.516.629-.808 1.392-.897 2.335-9.867 20.096-9.89 19.534 0-.292-.134-.494-.359-.494-.313 0-.358.18-.224 1.055.135 1.01.045 1.236-3.14 7.432-1.793 3.525-3.722 7.208-4.282 8.196-.584 1.032-1.032 2.155-1.077 2.626-.067.809.022.92 1.973 2.605 1.122.988 2.557 2.223 3.185 2.784 2.826 2.582 4.149 3.615 4.508 3.547.538-.09 8.858-8.823 8.88-9.317 0-.225-.403-3.638-.897-7.59-.852-6.735-1.66-14.616-1.57-15.38.068-.47-.269-2.85-.516-3.884-.201-.808-.112-1.145 1.503-4.827.942-2.178 2.176-4.85 2.714-5.928.515-1.077.964-2.02.964-2.088 0-.067-.157-.112-.336-.112-.18 0-.337.09-.337.225Zm-5.158 16.772c.247 1.572.74 5.344 1.099 8.375.695 5.568 1.503 11.742 1.727 13.314.135.786.045.943-1.413 2.56-2.534 2.851-5.225 5.658-6.145 6.376l-.852.674-4.373-4.086c-4.037-3.728-4.373-4.11-4.127-4.558a5154.2 5154.2 0 0 1 2.535-4.626 727.864 727.864 0 0 0 3.678-6.78c.784-1.46 1.502-2.717 1.637-2.785.156-.09.201 2.178.156 7.006-.09 7.207-.067 7.23.651 7.072.09 0 .157-3.637.157-8.06V35.43l2.355-4.715c1.3-2.605 2.377-4.693 2.422-4.67.045.022.27 1.347.493 2.94ZM9.562 1.818C7.903 3.143 5.346 5.388 3.328 7.32L1.735 8.823l.292 1.976c.157 1.078.449 3.188.628 4.67.202 1.482.404 2.874.47 3.077.09.269 0 .404-.246.404-.426 0-.449-.113.718 3.592.286.952.577 1.903.875 2.851.044.158.224.225.425.158.202-.09.314-.27.247-.427-.067-.18.045-.36.224-.427.247-.09.225-.269-.157-.92-.605-1.01-2.152-9.633-2.242-12.416-.067-1.976-.067-1.999.762-3.121.808-1.1 2.67-2.762 5.54-4.873.807-.605 1.614-1.28 1.839-1.504.336-.404.493-.292 3.319 2.717 1.637 1.729 3.453 3.502 4.037 3.952l1.076.808-.83 1.75c-.448.944-2.265 4.581-4.059 8.04-3.745 7.274-2.983 6.578-7.333 6.645l-2.826.023-.942 1.077c-.987 1.146-1.121 1.572-.65 2.29.18.248.313.652.313.898 0 .405.157.472 1.055.517.56.023 1.076.09 1.144.157.067.068.156 1.46.224 3.098l.09 2.965-1.503 3.232C1.735 45.422.749 47.891.749 48.7c0 .427.09.786.18.786.224 0 .224-.022 9.35-19.085a4398.495 4398.495 0 0 1 8.927-18.546c.672-1.369 1.278-2.626 1.323-2.806.045-.202-1.503-1.751-3.97-3.93-2.22-1.975-4.171-3.772-4.35-3.974-.516-.628-1.279-.426-2.647.674ZM8.441 31.231c-.18.472-.65 1.46-1.031 2.2-.629 1.258-.696 1.303-.853.786-.09-.314-.157-1.235-.18-2.066-.022-1.639-.067-1.616 1.817-1.728L8.8 30.4l-.358.831Zm1.884-3.592c-1.032 1.998-1.077 2.02-3.903 2.155-2.489.135-2.533.112-2.533-.36 0-.269-.09-.628-.203-.808-.134-.202-.044-.56.27-1.055l.493-.763H6.69c1.234-.023 2.647-.113 3.14-.202.494-.09.92-.135.965-.113.045.023-.18.54-.471 1.146Zm-.09-20.477c-.404.292-.516.584-.516 1.325 0 .875.067 1.01.673 1.257.605.247.763.224 1.458-.247.92-.629.941-.786.269-1.796-.583-.876-1.166-1.033-1.884-.54Z"
        />
        <path
          clip-rule="evenodd"
          d="M23.703 11.793c.166-.291.501-.514.93-.514.38 0 .698.161.82.283.161.162.225.35.225.54a.822.822 0 0 1-.056.289c-.08.218-.5 1.106-.983 2.116-.535 1.071-1.76 3.727-2.699 5.895-.79 1.802-1.209 2.784-1.404 3.416-.142.461-.132.665-.058.961.264 1.103.6 3.647.53 4.132-.088.756.727 8.547 1.57 15.21.5 3.997.903 7.45.903 7.676l-.001.033c-.004.087-.041.288-.211.54-.24.354-.914 1.143-1.8 2.119-2.004 2.21-5.107 5.423-6.463 6.653-.322.292-.566.485-.696.56a.884.884 0 0 1-.289.111c-.194.037-.579-.007-1.11-.349-.707-.453-1.981-1.522-4-3.366-.627-.561-2.061-1.794-3.176-2.776-.81-.699-1.308-1.138-1.612-1.466-.32-.343-.47-.61-.549-.87-.078-.257-.085-.515-.055-.874.05-.52.521-1.769 1.166-2.91.559-.985 2.48-4.654 4.269-8.17 1.579-3.071 2.392-4.663 2.792-5.612.32-.759.329-1 .277-1.387-.085-.553-.092-.891-.052-1.092a.942.942 0 0 1 .274-.52c.164-.157.384-.261.704-.261.094 0 .184.011.27.033 1.924-3.44 8.554-16.632 9.316-18.616.276-.724.64-1.336.848-1.556a.965.965 0 0 1 .32-.228Zm-5.399 16.402c-.49.942-.971 1.888-1.446 2.837l-2.28 4.565v7.871c0 4.023-.06 7.404-.136 8.04-.067.552-.474.691-.654.722l.075-.008c-.317.07-.574.063-.778-.023-.234-.098-.5-.297-.63-.857-.156-.681-.158-2.462-.103-6.893.019-2.022.022-3.592.008-4.725-.156.276-.315.562-.467.843a737.624 737.624 0 0 1-3.682 6.79 3618.972 3618.972 0 0 0-2.462 4.493c.062.088.169.231.289.364.55.61 1.631 1.623 3.624 3.462l3.931 3.674.377-.298c.907-.709 3.554-3.479 6.055-6.293.425-.47.73-.814.946-1.084.175-.22.28-.36.319-.501.031-.117.002-.227-.024-.379l-.004-.02c-.224-1.572-1.032-7.753-1.728-13.33-.358-3.022-.85-6.782-1.096-8.349l-.002-.01c-.042-.301-.087-.603-.132-.891ZM9.118 1.264C9.91.628 10.537.27 11.028.144c.727-.186 1.27.003 1.713.53.186.209 2.107 1.972 4.287 3.912 2.02 1.783 3.434 3.16 3.897 3.743.326.41.322.756.296.873a1.046 1.046 0 0 1-.005.018c-.047.188-.669 1.512-1.374 2.947a4348.55 4348.55 0 0 0-8.923 18.54c-7.335 15.32-8.808 18.396-9.217 19.015-.235.355-.419.404-.525.437a.815.815 0 0 1-.249.036.745.745 0 0 1-.647-.363C.176 49.67.04 49.222.04 48.7c0-.286.09-.754.316-1.434.452-1.356 1.466-3.722 3.225-7.53l1.432-3.083-.084-2.787a72.902 72.902 0 0 0-.156-2.53 7.307 7.307 0 0 0-.539-.046c-.463-.024-.764-.062-.96-.124-.304-.096-.48-.252-.598-.438-.105-.165-.17-.374-.17-.663 0-.134-.081-.348-.178-.481l-.019-.028c-.293-.448-.406-.831-.373-1.234.04-.484.34-1.052 1.08-1.91l.759-.869c-.103-.325-.471-1.513-.854-2.787-.737-2.339-1.004-3.238-1.018-3.578-.016-.393.134-.59.27-.715a.721.721 0 0 1 .192-.125 89.87 89.87 0 0 1-.414-2.782 231.651 231.651 0 0 0-.625-4.652l-.292-1.976a.71.71 0 0 1 .215-.62l1.589-1.501C4.87 4.86 7.446 2.599 9.118 1.264Zm-1.833 33.75a.819.819 0 0 1-.406.208.73.73 0 0 1-.491-.063l.048 1.618v.009l.849-1.773Zm5.874.697c-.035.087-.07.175-.107.261a20.92 20.92 0 0 1-.36.798.688.688 0 0 1 .457.007l.01.004v-1.07Zm.72-1.892-.015.018a.745.745 0 0 1-.407.236c.02.195.027.378 0 .592l.422-.846ZM7.7 31.175c-.268.027-.489.055-.6.07-.006.056-.013.13-.016.194-.005.19 0 .42.004.694.003.111.006.225.011.338.232-.471.459-.956.6-1.296Zm2.12-1.456a2.04 2.04 0 0 1-.415.31c.064.104.099.222.104.341l.132-.277.18-.374Zm-.14-2.374c-.654.079-1.882.153-2.974.173h-1.87l-.281.435c-.09.141-.17.331-.203.414.102.21.189.508.226.788h.007c.364.006.928-.023 1.805-.07 1.243-.06 1.88-.052 2.315-.291.154-.086.266-.215.387-.393.176-.261.354-.605.587-1.056Zm2.136-1.784c-.157.16-.331.3-.52.422a.631.631 0 0 1 .182.281l.337-.703Zm7.205-1.478c-.222.442-.445.883-.667 1.32a.787.787 0 0 1 .61.007c.036.018.145.07.243.2-.032-.165-.067-.33-.105-.493-.088-.351-.137-.633-.08-1.034h-.001ZM11.415 2.546c-.358.319-1.039.879-1.725 1.394C6.903 5.989 5.087 7.59 4.301 8.662c-.28.38-.458.605-.556.852-.15.38-.103.798-.068 1.824.063 1.923.833 6.669 1.493 9.686.262 1.199.483 2.11.654 2.394.25.426.364.71.398.894a.923.923 0 0 1-.184.764l1.27-.01c.863-.014 1.523.003 2.056-.019.424-.017.75-.052 1.034-.187.336-.159.596-.458.921-.955.62-.948 1.373-2.515 2.705-5.103 1.789-3.448 3.6-7.076 4.047-8.015l.582-1.227-.62-.466c-.595-.458-2.45-2.263-4.12-4.027a59.654 59.654 0 0 0-2.498-2.52ZM5.81 24.876v-.001l-.013-.03.013.031Zm-.71-.835.027-.011a.55.55 0 0 0-.028.011Zm19.904-11.777v.01-.01Zm.002-.016v-.034.034ZM9.82 6.587c-.587.424-.81.823-.81 1.9 0 .787.12 1.157.344 1.42.158.186.388.339.77.494.352.144.603.207.838.209.347.002.688-.12 1.285-.525.707-.483.98-.864 1.036-1.238.052-.352-.09-.812-.574-1.54-.412-.619-.853-.95-1.29-1.072-.489-.139-1.016-.05-1.586.342l-.013.01Zm2.015 2.028a6.288 6.288 0 0 0-.306-.52c-.19-.284-.326-.488-.531-.5-.113-.007-.224.058-.352.146-.218.159-.218.34-.218.745 0 .198.02.419.028.504.047.025.133.068.204.097.133.054.222.102.312.103.04 0 .071-.027.12-.054a4.29 4.29 0 0 0 .358-.225c.147-.1.299-.223.385-.296ZM9.12 1.263l-.002.002.002-.002Z"
          fill-rule="evenodd"
        />
      </g>
    </svg>
     Excalidraw
  </div>
  <div
    class="welcome-screen-center__heading welcome-screen-decor virgil"
  >
    All your data is saved locally in your browser.
  </div>
  <div
    class="welcome-screen-menu"
  >
    <button
      class="welcome-screen-menu-item "
      type="button"
    >
      <div
        class="welcome-screen-menu-item__icon"
      >
        <svg
          aria-hidden="true"
          class=""
          fill="none"
          focusable="false"
          role="img"
          stroke="currentColor"
          stroke-linecap="round"
          stroke-linejoin="round"
          viewBox="0 0 20 20"
        >
          <path
            d="m9.257 6.351.183.183H15.819c.34 0 .727.182 1.051.506.323.323.505.708.505 1.05v5.819c0 .316-.183.7-.52 1.035-.337.338-.723.522-1.037.522H4.182c-.352 0-.74-.181-1.058-.5-.318-.318-.499-.705-.499-1.057V5.182c0-.351.181-.736.5-1.054.32-.321.71-.503 1.057-.503H6.53l2.726 2.726Z"
            stroke-width="1.25"
          />
        </svg>
      </div>
      <div
        class="welcome-screen-menu-item__text"
      >
        Open
      </div>
      <div
        class="welcome-screen-menu-item__shortcut"
      >
        Ctrl+O
      </div>
    </button>
    <button
      class="welcome-screen-menu-item "
      type="button"
    >
      <div
        class="welcome-screen-menu-item__icon"
      >
        <svg
          aria-hidden="true"
          class=""
          fill="none"
          focusable="false"
          role="img"
          stroke="currentColor"
          stroke-linecap="round"
          stroke-linejoin="round"
          stroke-width="2"
          viewBox="0 0 24 24"
        >
          <g
            stroke-width="1.5"
          >
            <path
              d="M0 0h24v24H0z"
              fill="none"
              stroke="none"
            />
            <circle
              cx="12"
              cy="12"
              r="9"
            />
            <line
              x1="12"
              x2="12"
              y1="17"
              y2="17.01"
            />
            <path
              d="M12 13.5a1.5 1.5 0 0 1 1 -1.5a2.6 2.6 0 1 0 -3 -4"
            />
          </g>
        </svg>
      </div>
      <div
        class="welcome-screen-menu-item__text"
      >
        Help
      </div>
      <div
        class="welcome-screen-menu-item__shortcut"
      >
        ?
      </div>
    </button>
    <button
      class="welcome-screen-menu-item "
      type="button"
    >
      <div
        class="welcome-screen-menu-item__icon"
      >
        <svg
          aria-hidden="true"
          class=""
          fill="none"
          focusable="false"
          role="img"
          stroke="currentColor"
          stroke-linecap="round"
          stroke-linejoin="round"
          stroke-width="2"
          viewBox="0 0 24 24"
        >
          <g
            stroke-width="1.5"
          >
            <path
              d="M0 0h24v24H0z"
              fill="none"
              stroke="none"
            />
            <circle
              cx="9"
              cy="7"
              r="4"
            />
            <path
              d="M3 21v-2a4 4 0 0 1 4 -4h4a4 4 0 0 1 4 4v2"
            />
            <path
              d="M16 3.13a4 4 0 0 1 0 7.75"
            />
            <path
              d="M21 21v-2a4 4 0 0 0 -3 -3.85"
            />
          </g>
        </svg>
      </div>
      <div
        class="welcome-screen-menu-item__text"
      >
        Live collaboration...
      </div>
    </button>
    <a
      class="welcome-screen-menu-item "
      href="https://plus.excalidraw.com/plus?utm_source=excalidraw&utm_medium=app&utm_content=welcomeScreenGuest"
      rel="noreferrer"
      target="_blank"
    >
      <div
        class="welcome-screen-menu-item__icon"
      >
        <svg
          aria-hidden="true"
          class=""
          fill="none"
          focusable="false"
          role="img"
          stroke="currentColor"
          stroke-linecap="round"
          stroke-linejoin="round"
          stroke-width="2"
          viewBox="0 0 24 24"
        >
          <g
            stroke-width="1.5"
          >
            <path
              d="M0 0h24v24H0z"
              fill="none"
              stroke="none"
            />
            <rect
              height="4"
              rx="1"
              width="18"
              x="3"
              y="8"
            />
            <line
              x1="12"
              x2="12"
              y1="8"
              y2="21"
            />
            <path
              d="M19 12v7a2 2 0 0 1 -2 2h-10a2 2 0 0 1 -2 -2v-7"
            />
            <path
              d="M7.5 8a2.5 2.5 0 0 1 0 -5a4.8 8 0 0 1 4.5 5a4.8 8 0 0 1 4.5 -5a2.5 2.5 0 0 1 0 5"
            />
          </g>
        </svg>
      </div>
      <div
        class="welcome-screen-menu-item__text"
      >
        Try Excalidraw Plus!
      </div>
    </a>
  </div>
</div>
`;
