// Vitest Snapshot v1, https://vitest.dev/guide/snapshot.html

exports[`exportToSvg > should handle deleted elements, iframes, and bound text correctly > export-svg-mixed-elements 1`] = `
"<svg version="1.1" xmlns="http://www.w3.org/2000/svg" viewBox="0 0 120 120" width="120" height="120"><!-- svg-source:excalidraw --><metadata></metadata><defs><style class="style-fonts">
      @font-face { font-family: Excalifont; src: url(data:font/woff2;base64,d09GMgABAAAAAAhsAA4AAAAADawAAAgYAAEAAAAAAAAAAAAAAAAAAAAAAAAAAAAAGhYbggQcNAZgAGQRCAqQLIxACxgAATYCJAMsBCAFgxgHIBu3ClFUsALIvkgw8Z5NQRW6ZC/IwncPwilEq4MGIbw9eKqx39vdu2+4SHSZrvknQvfpTGcolQyl4cPjZv4LQVpS4WgEqYogJ0ZNaU+ZwuZh8wjSOnJmQsjki0vz2EGqo4CdVwVgMQUG4fb9rxJO2Kh7fX1n0VK1NNEEMKABbmVTO5fWBSMWDWWCpYKkgwc44PBB/rG88mtgNfgmPCmHALEEuiKxCCKA+kQj/bjR8XYNUO2a5iaB6nBuaAKozgw7p4EKB3BvDJzuz02DAMjxcSiEJpRr0EpPbgQI42r+/7E8zXeBGv+/ccxmIYBiODzBI+WVMMGahGDb09cbU0fIShocKYQ/PruZZmWRFNYrMKYVqpF4i6/kXO+YUcsC2SCXr41NkatHT1MnuAaiOV/+kbztFgsBt50c0WkchVdLVNaAVMyo6I5FJHp2AxxhmMaQGbvsTUkwaNrOn7prjracLaovyJXR/hkxidkH6UA86Ausk4YcrnELUM8hkpKbDqeHdZWHpGwOWqeM3NS2yUDqSD/u8RzAV5O8iLWhBVnUWfx+PoolEqUkpZgvwj0QZGEJrsTN3ea4FE6z4tNQFMb1cNnHfBqf3uu96714VO3Xee74E8l8isPMKLeRLbC63cRdvuyi7oi/8I6O0xpcmQyPW/yEZc2iYnB/voZCz+U/UDNqvonXs2e9BNibZE3uQfO3U2g7hVEU6iHjyVNSKYnGU1IbRnGA5iIAlUyRv7+WTGVwh18N8bz2NKckovRR7JpziXDykDOJPo/ZYzRmjc2nAMoc+2EOs6OUlEy8orsW72u+pZu/jFgJXk95pP56n36Vr+P1hBe7zcWs+OpdUrI10QZWuKbTbUneJq8SXMqP9xX6dH69G6Fpt9WKeK+qna2J5Ll9yQoDiTNHcH8ss4gzB6Qk6tNQPoUtsRJy8oRFxUCWg5hVaQfmecAePUqwBw8SB4tY92FayQGteQHYUcqlvXPmwpFIPWMhLuovIlauhsv2aahTrjt6K89HMQ4HcwD3S0nUhVL70HMKyrYA6MOY23AmlTmxqPbHOSMduAslT+EM48CZJaLsbBMBHSzYr6Q5LMF711tQcDp8H+o65UPJfNQ8b8fMGbQ7iXVBwL/NmcDSSuUyemjfo2bqlIH0eHDGwSwyq5BP4/EcYK7gjlUHD7EQxMSxBwn2NLIfmFH0EFjOoN00Yk3j9VFLBItYEZZ2Y/vDzei8mYtYSKa0VOIRNcSWsW0sr2YcB/AbKohN61RB01gKzfmdCMHySexB1ksZSSz9zxWY7RS6L96noTAtnUC7acyOmuMZlwf3+HGGlLr2XUKpZ6irtrq9XixpEFXH7DK2P7hajgd+ZIJvhFxD4I9Bo3B6MArzSWF5wA8+v1WXIcoTfK+mDerOnQs2bQxrivrrpEZc/3bL5ppIWeK6WvmFYo3znLG+VtQdLNtq+SL5d/G5mKxuGDXtaYJjA51KmaM4HB2EX239u0XwZW/2rV5l1ftY465Npf+q2hmINAu+BseVdXlDUKcoTHg/M2Rzdne9rAt6Yzby/2/FYaHlEf/qT2H7iM2SatHQu/CyUSYySpuhH7YK08SNMVEBkF1mXDEGuYPCRNU/rhb9SqIHzwKkgY5VWPFm7EXZbeCR59z/5sg/xT0VksCut1/pDPpha3IlLIFNEnE2Ptgpl20VlJ/7Q6+azQfdCUET8VEd8dWGLH24uro18tcFEnTqd8rp6dCmlpt3813G0zHE3/XpFTS2ImgK1AzlgSTdrfjh8cqedsWfBq7N9lQlCns2wDiWN/m9+yHe/va3wyx3v62bS4hFf/ReN97TJaxNqY/b+Ks9oh1/rZFGCPp+kvfJLIY+zB1ZAScFUqV8eEResznxSDMRKw6IqSkq6A3L7Jxdqb8U1YLQEaIOOFBW94fom+NpIUVQ3QkuTjcT9011zNr4ZxMnIpu08h74OqT6VfQo+I4wdexKy7+FY+OpY0dqkm1VrR9U3c1rPFw19Xr4X4eM2dFtyTq8pbgRqVkegWI1melRty+s03xeH5CUhkDSqT+cmABo8fNNCS/OJCCvJqLNurobXwVGHO//9gd1JWHrg64Vj5wbxV2ZSbBxOCHnm+M1z90HgcXw90bZcWJLY2ixtOuo6n9D+dl/7j5Z807DnrHXmoS70CPXnn+3p3r7q0Ud3bPRb4BvgsSS0poPf/HmkKJXUPmqKSradeK9grx9nyugBkQbLM78W1hsjqUJjs4UxCeUZvU+7U++GRhxqXU4vDW5+PFhCSzcvhYSk5WWWCysCG7603/kG0BzxUqXY0I41vZW13BtMbXhj0O6H3yZge/RBQhnv5R9cLC8z1ANL+/srS2po5nXMU62rje6QV4IwYLUevfwporqBgxvLl5niu735f0rXfXPaz1vUZ9uqP2VTCrAb5N1WsW3WYgAEEBg5R47sC2UF4DAvwDg3VQ9APCx+utX7X9V+C4BIRQAgdfP6+UttO8/s1+n58ZYPw0j6CfENgDpFlJUKUdDQJeuJ1tTiMZr0i5CBwpieANi4/REUjDI3RdkBYy4QABnXqRiIZVXsRLPs9ioJip2lLIj9vRTioDYDmP2GmAwacywmbf3+gyWDRmxyySDOTpD5uww1lYfTRP1NHrre5gwycRo1I5a0oJmhUpJmhd3UDW5gujpySpH9WnSSeYPmhbzW1GnYkamFoyBHKMLoRKAFBVrpjFAqxXbYbKmhmIQnDXYI1NgqIRJNTHcsSOHIUWGsFsUB2ViPzuV/yMCAAA=); }
      @font-face { font-family: Excalifont; src: url(data:font/woff2;base64,d09GMgABAAAAAAHcAA0AAAAAA9gAAAGMAAEAAAAAAAAAAAAAAAAAAAAAAAAAAAAAGx4cNAZgAAQRCAoAKgsEAAE2AiQDBAQgBYMYByAbHQPIrgp4MjSeIQLqpl4jnPFQwveqm205gmrZevZ2/8kKGaJ6ictBuCwMMnsKo8hC4RwaLBrJ7dXaFrFk0Re1e/Dk3t9wCUVrYAiZkgiZ5rGDVFdY04wBF4APOCzXHr/ljrNIDqLAY/slkQf0SyjxLNBaAq8Z1AJqYW5j0GjbckRLQhoJCgwYoyfY3q33QS5DrSAwYB4hFruNve4WoN2On4P29GEFWsC+nVM/UvSlVwIcsWycI/5gbqfUhE/9Q2P7UppTOAVeIR4TYIocELVKIEACZJgXCJ5GXl0o+esbFP3g+763DcDPx6/60MrnBaBPAsGPUDRC/8+FGIqGUSBA+NIJOwTWe13HRCIrgEvfRhj1RjLiE42eG7I5DIpVNuqkNNhxwaItTI2srRz4dfHGjhZoO0O8nb2pilFYQKhenFaycLUxsYcoAQRyoRBEnPvcgfysPq+npClt8UxLyvHWjaudqbGJA+TCckNECBGBGFforuTs0M4CUMbCAvp+P4in4o864XECREBtFQAAAAA=); }</style></defs><g stroke-linecap="round" transform="translate(10 10) rotate(0 50 50)" data-id="container_with_text"><path d="M0 0 C20.86 0.76, 39.68 0.96, 100 0 M0 0 C27.4 -0.39, 54.17 0.83, 100 0 M100 0 C101.89 23.69, 100.75 45.87, 100 100 M100 0 C99.4 38.3, 98.3 75.61, 100 100 M100 100 C65.24 98.31, 27.07 99.81, 0 100 M100 100 C76.15 98.34, 51.08 99.23, 0 100 M0 100 C0.17 67.91, 0.7 31.65, 0 0 M0 100 C-0.27 65.77, -0.11 30.45, 0 0" stroke="#1e1e1e" stroke-width="2" fill="none"></path></g><g stroke-linecap="round" transform="translate(10 10) rotate(0 50 50)" data-id="iframe_ok"><path d="M-0.47 0.23 L98.11 -0.29 L99.82 100.53 L1.59 99.98" stroke="none" stroke-width="0" fill="#f4f4f6"></path><path d="M0 0 C20.86 0.76, 39.68 0.96, 100 0 M0 0 C27.4 -0.39, 54.17 0.83, 100 0 M100 0 C101.89 23.69, 100.75 45.87, 100 100 M100 0 C99.4 38.3, 98.3 75.61, 100 100 M100 100 C65.24 98.31, 27.07 99.81, 0 100 M100 100 C76.15 98.34, 51.08 99.23, 0 100 M0 100 C0.17 67.91, 0.7 31.65, 0 0 M0 100 C-0.27 65.77, -0.11 30.45, 0 0" stroke="#1e1e1e" stroke-width="2" fill="none"></path></g><g transform="translate(25 51.785714285714285) rotate(0 35 8.214285714285712)" data-id="id10"><text x="35" y="6.035853794642857" font-family="Helvetica, sans-serif, Segoe UI Emoji" font-size="7.142857142857143px" fill="#1e1e1e" text-anchor="middle" style="white-space: pre;" direction="ltr" dominant-baseline="alphabetic">IFrame</text><text x="35" y="14.25013950892857" font-family="Helvetica, sans-serif, Segoe UI Emoji" font-size="7.142857142857143px" fill="#1e1e1e" text-anchor="middle" style="white-space: pre;" direction="ltr" dominant-baseline="alphabetic">element</text></g><g stroke-linecap="round" transform="translate(10 10) rotate(0 50 50)" data-id="iframe_ok"><a href="" target="_blank" rel="noopener noreferrer" style="border-radius: 0px;"></a></g></svg>"
`;

exports[`exportToSvg > should not render text element individually if it is bound to a container > export-svg-bound-text 1`] = `
"<svg version="1.1" xmlns="http://www.w3.org/2000/svg" viewBox="0 0 120 120" width="120" height="120"><!-- svg-source:excalidraw --><metadata></metadata><defs><style class="style-fonts">
      @font-face { font-family: Excalifont; src: url(data:font/woff2;base64,d09GMgABAAAAAAR8AA4AAAAAB8AAAAQnAAEAAAAAAAAAAAAAAAAAAAAAAAAAAAAAGhYbgRIcNAZgAEwRCAqFbIRTCwwAATYCJAMUBCAFgxgHIBsoBlGUME4X2RcJHF5nXqhsp2vWozaypjAaP4sWGwfhK3o03gb//+332+e+mc/DpInIfESkEYmWoEQWpRIq1Us1C118hvC0y6BsLjTITibwjeJh8Pz/znveL7IIA8uTwWATHulAsMrAqj3++b8ZZ4G0eYq20dcGKw/TscQSTAONbNnUe/f8gx+gnrqtyJPgTAvnICycc2wWD0egAAAYEUcE8vSZ4uaSkxcgXfkZSYB0Z0QnAtIbnpUCSBzgb5Se3YwUwIFFcIwvKdP2RTAlSDhwJXyTvqhHe4Z2DRIEMZEUuEj3xXipDS9NgwWwzinaaPgGWllpYdm6gBNgRWrl/DfgK0c5dXAE0GcB1EmBgQRUSIjgnBGQJ2XMimhJUk8E/0A8iYOxO6KonToRe6EHkAcy4AM0AAAHAMSI7aPIY6SJIuGnfProJLoXBkF6MTSjCZk58pgotITv6u+ex+O7x/Hl4xBUPgSVL8tOy/eWYRDqALEMhRvPS5/XnsZ34xk+5edsU7mMMP7LlDIE9IwMUDHoaO8ABkEQjO8Yw5Lhi5/GnqWJj1KtJrgaHGR6wCjNdtNRdtp2mggOtKSoOlQfuu8kjKKTjY3w9DG530GmYWdGjuDdgOtaGuobg8YZomMMiX64Ub4MxXqjYIRKBb20wUEiikG8z23tLYn4dpXj93334UaaOU2N6oVsTJzzbWQwRLv6+rrmcHSuBswEBpnB7BCQnkGALmInV3wqON2kmcPsLVgLpK7YcGE42MxuZJrGSWErWOMUCW55/BJBJn6qsD/kwXSCWWiC/xcxKYODl9NWXASygnh2BDkssOBvD6WY2Q6vGhjvJqUbRcTNn4eYmXxTyZArL6c1Wd5VKGtNDMj6nJGKSTBxdyJ8izyR7m4qw+Luz4zDaiY9usg7HeFUKVR+/r5lhrQE5lmNG87dlcVC3koy4F0ua+ZPcy5hJs8Xmi3pWMxljdhRUC6EP/8IKibwsHPBF0hM8DWlfBxFlKmUldmWi0eZZ5cdtYeYrcWWx3kKzoMHTiH+yP4/S3yCQvySuVyPqUOd6XlNm0XT5GLKz+g0NTFHOR+cvZ4NbD4SC0l4qSiJnt0T8Gq34pBVhCGu5C9rEvcAAALC1h9/H1ps9JbCzG8AXvI7FgCA17H34sE/986NAikDIDx+0gUF/HcEwVl8RWAdYzqDSi9gIFEj4F2BDAADIjADAAA5NjFT4wSw75bTUuGSNkWO6USHQ9ppskV7U5rWyGgCi/JECpckXoxUKbIo2xAtVrYk4TL4iJYhU7wqiunXo2//4nHLkuRLEyeTmKweQZ02WUEwrL1cQKxbNn+BJ1suDFNdG5auJbM0+UQeL1ZcE/A22+TVCfoEA+psyScmC1SUDOFyqagzK0kSsbyfGdxoQtFujhWiqEiAjv+8DgAAAAA=); }
      @font-face { font-family: Excalifont; src: url(data:font/woff2;base64,d09GMgABAAAAAAHcAA0AAAAAA9gAAAGMAAEAAAAAAAAAAAAAAAAAAAAAAAAAAAAAGx4cNAZgAAQRCAoAKgsEAAE2AiQDBAQgBYMYByAbHQPIrgp4MjSeIQLqpl4jnPFQwveqm205gmrZevZ2/8kKGaJ6ictBuCwMMnsKo8hC4RwaLBrJ7dXaFrFk0Re1e/Dk3t9wCUVrYAiZkgiZ5rGDVFdY04wBF4APOCzXHr/ljrNIDqLAY/slkQf0SyjxLNBaAq8Z1AJqYW5j0GjbckRLQhoJCgwYoyfY3q33QS5DrSAwYB4hFruNve4WoN2On4P29GEFWsC+nVM/UvSlVwIcsWycI/5gbqfUhE/9Q2P7UppTOAVeIR4TYIocELVKIEACZJgXCJ5GXl0o+esbFP3g+763DcDPx6/60MrnBaBPAsGPUDRC/8+FGIqGUSBA+NIJOwTWe13HRCIrgEvfRhj1RjLiE42eG7I5DIpVNuqkNNhxwaItTI2srRz4dfHGjhZoO0O8nb2pilFYQKhenFaycLUxsYcoAQRyoRBEnPvcgfysPq+npClt8UxLyvHWjaudqbGJA+TCckNECBGBGFforuTs0M4CUMbCAvp+P4in4o864XECREBtFQAAAAA=); }</style></defs><g stroke-linecap="round" transform="translate(10 10) rotate(0 50 50)" data-id="c1"><path d="M0 0 C20.86 0.76, 39.68 0.96, 100 0 M0 0 C27.4 -0.39, 54.17 0.83, 100 0 M100 0 C101.89 23.69, 100.75 45.87, 100 100 M100 0 C99.4 38.3, 98.3 75.61, 100 100 M100 100 C65.24 98.31, 27.07 99.81, 0 100 M100 100 C76.15 98.34, 51.08 99.23, 0 100 M0 100 C0.17 67.91, 0.7 31.65, 0 0 M0 100 C-0.27 65.77, -0.11 30.45, 0 0" stroke="#1e1e1e" stroke-width="2" fill="none"></path></g></svg>"
`;

exports[`exportToSvg > should render a regular, unbound text element individually > export-svg-regular-text 1`] = `
"<svg version="1.1" xmlns="http://www.w3.org/2000/svg" viewBox="0 0 36 36" width="36" height="36"><!-- svg-source:excalidraw --><metadata></metadata><defs><style class="style-fonts">
      @font-face { font-family: Excalifont; src: url(data:font/woff2;base64,d09GMgABAAAAAAasAA4AAAAACwgAAAZYAAEAAAAAAAAAAAAAAAAAAAAAAAAAAAAAGhYbgVAcNAZgAGQRCAqLTIhpCxIAATYCJAMgBCAFgxgHIBugCFGUcFIF2Y/D2G0S316YorH8qIbCDcc0tvHw/LH33PeXza0RRbM1ZVv7rEFGMoPAtE2/fb+2fYdqFNMkHs1bPs0MIVJpAZ9Oadz/gbb57wiD077QPiN6ZWIVLNIsdNGwNWx9BwpiQ7voRPkVMf/X5Iv0fJ6i1wq3CpDCpk+LFpvgdLjhgRzIKnQgFcAD1ZlnVkaYfm6PiqmqSTnZTL5VCVACARNCDG02UKRkHs50QWkteG2tF3WC156oqQO8jusGusELB/bGFHHUJOoGOxgEWpyaGHE2ZwbONeIyQD77BvvmCEht0CEcjcX0t9siGklon12pQoY2C1ORqOcHQSCP2z1TLfIIXMYkZS0CMGujxCok+gtwBp/T8/xyuAHVVmfO/5OCm1mDnFMALwDELd8E6tmBn4FQg42slmMGVHCZ7gNz6jRp0Ulkdfb/cp//j7NxNsLUbIjR7AgQiAQTYwldwKMCKIT4BUiDkMmBBBGuonScZ0kfgEVgwpCUki4pcSnHOBv5bKP0VqpIRcrVFNn98+fDTKdCH23O8eRaRs0MgUXAzOBqn8ErxBmvCaFVqFyoMOlI8pS36nGIAb8bl+EpDPpYWO00MIODevoCNnXGgoEB18yE4DgugwiDp1g9iNGCqdlIuVwpV0rIUev1LAV5HVUEjIbBcA3OvFA7jeM0jU2lyuvBEYRSaLEIZWGPO7eDklFiyhI89cQcrY8xLJyw5loXkjr87iNg3JI3xZOLQwdhfIZ/tiRMx9d5wpXkYEvDspldqEHPjEYmQ6/XvVW6YukFfbhH0yOhVmv0GgkzoQrO3DSEyEjdaSupsnrfMUsLLs36TVqzLqNKthgT82RCXqC9YA6nMZpm4APXoIr1ube1iWpicEJt8bCshk9Em4NpwVrh2IhyAiEL/hPWQNV5UhFiBhcwMGaxwNCMWu3JYPTS01nX+fczDCDG9DxZS/DOhIebMdqMjXkyQ/QgjdE8+ZqXcEQ44q0KU2hwhgGxoE6q1RJypXxEPoHca7Vao/waoZxQWhEFQvIghYlUnEXD/lkwM4zFMBoGVaKsW/9RUoEq6IXR4AYfMTYsnvFVh9ObELuZlHd+rYLK/tKCv9wD7qqKgFctnHqhOo6HGOM2R76TS852c/8xc5GDfTdHw9KVpFCUO/4z21THW213nDW5jAwDMed+Qfb3nIi6pLPNJdzKoEquJGhJjICf8qbP2Xz6z6/2JKJv5XAlNrtd8yr5c/OG3BCEahZznRH5TXDL5uNsj9D97W9UCPBIJDL/YnRj4OFC5wpb1zZl+pPT0gNkORm41GO/05TzN7hR9fqC28HJBiI7LLevNme5q5U2NRWy19kmF3OSji463ctp84Iw4Z3g5vZ5VaUePzXc6KuaH8qpWswm8KTO9x466epLt7tL7r+dKwoJxD7iK4mqCk5ORF7Qkq/Wcvt/zeb5smo+STrQh2OP1ZfYMg7YuXtB2pIu1QLP8jrS7XLekd8D2fDdZl+2wo1TxbpPTcjanVnI61lp/b08jQ/c4vhi7tpz+ZX//tRREJiXlVVkbL7k+nYwlYOt9Ldbo2brdgWDd/9whX+b0wXVqHon+guQuJP330M2ezja8tAHXiz0WfR6wseftZWb4fNKY0ov2jJFSCafOj7puOE+HAw66pSHcU8GOpBdgY7I5Bip2bd020qMa+91V4g56Pmb9/LcW6QgqnPcl5Gl+fDlXCd2Ebsu5cFbDja2mRN7v9ja5FHNGr1Z709NndqVkqQ/7IHko4uOebH/7oEJEj67vpUV3JIZV/28Pvy2ve9rcbNPcXj602lbNmfVpFNAW1RoOmduKf+nf9wWA0CAgOf4uBsrnYf/7FD2FwC8r4/MA+Bj4uuN/+9QN3I+ORlAAQ4QsCfTuW4O+f9nCCCwnoJMPeSnNyhO4xCaPHmnKFE+hOQYhoQULAECCrzABpBAzJlxgNp8B2yUY9+ZY69E4nVN5NjdRI2MXaJWTL2o0xa8Dr0YMGOdBnU6tWnWo9uAGNWatFitUx0RoSYi/do8kJIgVvz1i7PwdVqvV6t+lCSxElHCJUmUKE1EuAbVGzZ+nhp85bKoXh3sRnJtUq/1RNq0aP3o2+EaRKAkipcoGaXeehT7yUYiddaKRcnWqRPFx/qHSJNBTZE1CjSKxQYx+x+4egAAAA==); }
      @font-face { font-family: Excalifont; src: url(data:font/woff2;base64,d09GMgABAAAAAAHcAA0AAAAAA9gAAAGMAAEAAAAAAAAAAAAAAAAAAAAAAAAAAAAAGx4cNAZgAAQRCAoAKgsEAAE2AiQDBAQgBYMYByAbHQPIrgp4MjSeIQLqpl4jnPFQwveqm205gmrZevZ2/8kKGaJ6ictBuCwMMnsKo8hC4RwaLBrJ7dXaFrFk0Re1e/Dk3t9wCUVrYAiZkgiZ5rGDVFdY04wBF4APOCzXHr/ljrNIDqLAY/slkQf0SyjxLNBaAq8Z1AJqYW5j0GjbckRLQhoJCgwYoyfY3q33QS5DrSAwYB4hFruNve4WoN2On4P29GEFWsC+nVM/UvSlVwIcsWycI/5gbqfUhE/9Q2P7UppTOAVeIR4TYIocELVKIEACZJgXCJ5GXl0o+esbFP3g+763DcDPx6/60MrnBaBPAsGPUDRC/8+FGIqGUSBA+NIJOwTWe13HRCIrgEvfRhj1RjLiE42eG7I5DIpVNuqkNNhxwaItTI2srRz4dfHGjhZoO0O8nb2pilFYQKhenFaycLUxsYcoAQRyoRBEnPvcgfysPq+npClt8UxLyvHWjaudqbGJA+TCckNECBGBGFforuTs0M4CUMbCAvp+P4in4o864XECREBtFQAAAAA=); }</style></defs><g transform="translate(10 10) rotate(0 8 8)" data-id="t2_regular"><text x="0" y="17.619999999999997" font-family="Excalifont, Xiaolai, sans-serif, Segoe UI Emoji" font-size="20px" fill="#1e1e1e" text-anchor="start" style="white-space: pre;" direction="ltr" dominant-baseline="alphabetic">Regular</text></g></svg>"
`;

exports[`exportToSvg > should render non-text elements individually > export-svg-non-text 1`] = `
"<svg version="1.1" xmlns="http://www.w3.org/2000/svg" viewBox="0 0 120 120" width="120" height="120"><!-- svg-source:excalidraw --><metadata></metadata><defs><style class="style-fonts">
      </style></defs><g stroke-linecap="round" transform="translate(10 10) rotate(0 50 50)" data-id="r1"><path d="M0 0 C20.86 0.76, 39.68 0.96, 100 0 M0 0 C27.4 -0.39, 54.17 0.83, 100 0 M100 0 C101.89 23.69, 100.75 45.87, 100 100 M100 0 C99.4 38.3, 98.3 75.61, 100 100 M100 100 C65.24 98.31, 27.07 99.81, 0 100 M100 100 C76.15 98.34, 51.08 99.23, 0 100 M0 100 C0.17 67.91, 0.7 31.65, 0 0 M0 100 C-0.27 65.77, -0.11 30.45, 0 0" stroke="#1e1e1e" stroke-width="2" fill="none"></path></g></svg>"
`;

exports[`exportToSvg > should render text element individually if its container is missing (orphan text) > export-svg-orphan-text 1`] = `
"<svg version="1.1" xmlns="http://www.w3.org/2000/svg" viewBox="0 0 36 36" width="36" height="36"><!-- svg-source:excalidraw --><metadata></metadata><defs><style class="style-fonts">
      @font-face { font-family: Excalifont; src: url(data:font/woff2;base64,d09GMgABAAAAAAW4AA4AAAAACbAAAAVmAAEAAAAAAAAAAAAAAAAAAAAAAAAAAAAAGhYbgUAcNAZgAFwRCAqJFIcRCxAAATYCJAMcBCAFgxgHIBusB1GUMFIr2Y+EzM0bzVjEooommnlfVI0vHT0e+t+v3ZldVJtVSlCJdJVQOJvQUi0Ga9SlQqXBf/A93t7d9n+jKMAoqmwSz/IEY8qs6d/NekFqGimpBaiphFSUqtCuONw57HqSmsGaaRJu9u/EfOpUzVsuPik0pki2eIjGAgsFKBdrtxVoiVULMjY+d1KvgmODe9Vt8vDqDGIQ05HxMAwWPbuAboAkkkTQaZdGsrRSQgL8YJ1mAOAnms5+gF+qx4cATgL+RsXFkWYIWKHSKoulsfHyOEaSmED5AaZ8wguyLBZSMChdXVlQGaSijp+i9LwygD4wv55k7CS01LsWsDmGiW1R/gJngFzayi8D1900tdWVXtRWx+pJAB5BPPCLgUlWkFCDYTmYYRID0KuxdFPrMWSERqeD9Z7/nyxLZaawhSk0gRfbQRrW5ppe6EBcQ3zg0Bx5ZcSXMTYVDWdnBznGHvyHXqCEGrO53Haf2ZfhfR/wKu0R4KElOY7kKMO5feewQ5ee3XI3K44KSWdt9Cn0fmA0nne7DNOTbRzCyKeuHAg8oDIKQSw7XeB12IL5WvIEds3WoGJMDIyYEEbF8MgRBKFp2BjHbpwaRacpjqMM/o/Sb3nrFlAj52N8fDhkf+gBtd7vqIALfsbH+zn4cAJtow9jId20bgJbMC8L+IqgVLIToBjGltkE4UktT5hr9tkaAq/wct5DS5e/H7UeZY+igoKdR9mDNnqYI2nObdIvDZoxYzqchXSHEINsCmhnwcSxY9jEoUPYofgJ0xFGxgOVdg5MwbSxjqZZlkUFSifozAtm95VXxftsDb686gU5y+WdFtJstBzgVFNu+xsM4Wbq4N2c8+RU4oVYU8Op5Gv59xIPAC2830a/F7U5HRBwGKYPw4syZoqepGHaRn8Vp+apefcZ/wkTwjBAq0qGmva0OJX6vxNMeha0rX0jCGpCtXvqUA+L7JywDCjMilHKihUFXU2loVXeRbUOfrlP1R+uxSKfuue8CK4p27kOjxjx64f2HqCOl4Ygc+mlfuHG7nXa6z+7afFxppvftr4PylVIEBSUeyGkQ7GrwLHc0rl3OuFxY8N2rAxTNLhtcyiX/A2kwW378275xBxAM/2zR8msJmcztLGzQLzWMqZIEr2n9tSIpBcHPyJWflywBnPM/uJSYH9MYY+9nWCLvacAYol9eHSEqNhF3CBCHf4JdJUmZO1qPQ6B8lSKb5H8nG6pzqsfqYpGUXkB7F274FEbBMW75I6CUyIbmUtXt0tmo9/RAkxhYSXPjI+tcg0rG13KuexdaMt4SkvF1k7ZPxC3+oId4qHsk7ySGla+zpCv9O3sP+mVr3KpFN+A8K+IHjCrGRl5TV1x9s+32WcFjnGoqtE6Z8sPD1xz7S33rPKKKPjXbvN3Q2mK11UxcxJr0Ttyy76kjt1TcezVFHeksCCPPOr7m22x48Imh/Vgh3KPQw4sPaGww6IV9tDKImba2vBGCyy1xrcVwHb78ze9b+Pqq9foHbXf2pNNzY9pB3FhDc0cAAICz69lvMUx5dfKVvwFaF4F5QDA18t34/+3qobkq3oioJ2BwBtJW1wC9P+vD7FtttXa5Ob/BjODX8aLTQfQUyY+ZjlA0OaXIA9EF+bYBR5iqlsDXHo5WVlcZW32scXmHbZatbHh4uOlbxtYtlY7tQG9ugwbMi5UlU7dVhmgpkHppDGmNyoSIoWJaJsnyzdgnRE9xhCihYlCCDAQNTheYLoG0Zw2eo5q+cokU83ePpydbdiIdTR6desxrvLbdoEIUSJEiUFosw7BfrODhtoaYQiZBgwg+GBs8ToH6PRWe6FDGDG4lYoU); }
      @font-face { font-family: Excalifont; src: url(data:font/woff2;base64,d09GMgABAAAAAAHcAA0AAAAAA9gAAAGMAAEAAAAAAAAAAAAAAAAAAAAAAAAAAAAAGx4cNAZgAAQRCAoAKgsEAAE2AiQDBAQgBYMYByAbHQPIrgp4MjSeIQLqpl4jnPFQwveqm205gmrZevZ2/8kKGaJ6ictBuCwMMnsKo8hC4RwaLBrJ7dXaFrFk0Re1e/Dk3t9wCUVrYAiZkgiZ5rGDVFdY04wBF4APOCzXHr/ljrNIDqLAY/slkQf0SyjxLNBaAq8Z1AJqYW5j0GjbckRLQhoJCgwYoyfY3q33QS5DrSAwYB4hFruNve4WoN2On4P29GEFWsC+nVM/UvSlVwIcsWycI/5gbqfUhE/9Q2P7UppTOAVeIR4TYIocELVKIEACZJgXCJ5GXl0o+esbFP3g+763DcDPx6/60MrnBaBPAsGPUDRC/8+FGIqGUSBA+NIJOwTWe13HRCIrgEvfRhj1RjLiE42eG7I5DIpVNuqkNNhxwaItTI2srRz4dfHGjhZoO0O8nb2pilFYQKhenFaycLUxsYcoAQRyoRBEnPvcgfysPq+npClt8UxLyvHWjaudqbGJA+TCckNECBGBGFforuTs0M4CUMbCAvp+P4in4o864XECREBtFQAAAAA=); }</style></defs><g transform="translate(10 10) rotate(0 8 8)" data-id="t1_orphan"><text x="0" y="17.619999999999997" font-family="Excalifont, Xiaolai, sans-serif, Segoe UI Emoji" font-size="20px" fill="#1e1e1e" text-anchor="start" style="white-space: pre;" direction="ltr" dominant-baseline="alphabetic">Orphan</text></g></svg>"
`;
