// Vitest Snapshot v1, https://vitest.dev/guide/snapshot.html

exports[`duplicate element on move when ALT is clicked > rectangle 5`] = `
{
  "angle": 0,
  "backgroundColor": "transparent",
  "boundElements": null,
  "customData": undefined,
  "fillStyle": "solid",
  "frameId": null,
  "groupIds": [],
  "height": 50,
  "id": "id0_copy",
  "index": "a0",
  "isDeleted": false,
  "link": null,
  "locked": false,
  "opacity": 100,
  "roughness": 1,
  "roundness": {
    "type": 3,
  },
  "seed": 238820263,
  "strokeColor": "#1e1e1e",
  "strokeStyle": "solid",
  "strokeWidth": 2,
  "type": "rectangle",
  "updated": 1,
  "version": 5,
  "versionNonce": 400692809,
  "width": 30,
  "x": 30,
  "y": 20,
}
`;

exports[`duplicate element on move when ALT is clicked > rectangle 6`] = `
{
  "angle": 0,
  "backgroundColor": "transparent",
  "boundElements": null,
  "customData": undefined,
  "fillStyle": "solid",
  "frameId": null,
  "groupIds": [],
  "height": 50,
  "id": "id0",
  "index": "a1",
  "isDeleted": false,
  "link": null,
  "locked": false,
  "opacity": 100,
  "roughness": 1,
  "roundness": {
    "type": 3,
  },
  "seed": 1278240551,
  "strokeColor": "#1e1e1e",
  "strokeStyle": "solid",
  "strokeWidth": 2,
  "type": "rectangle",
  "updated": 1,
  "version": 6,
  "versionNonce": 23633383,
  "width": 30,
  "x": -10,
  "y": 60,
}
`;

exports[`move element > rectangle 5`] = `
{
  "angle": 0,
  "backgroundColor": "transparent",
  "boundElements": null,
  "customData": undefined,
  "fillStyle": "solid",
  "frameId": null,
  "groupIds": [],
  "height": 50,
  "id": "id0",
  "index": "a0",
  "isDeleted": false,
  "link": null,
  "locked": false,
  "opacity": 100,
  "roughness": 1,
  "roundness": {
    "type": 3,
  },
  "seed": 1278240551,
  "strokeColor": "#1e1e1e",
  "strokeStyle": "solid",
  "strokeWidth": 2,
  "type": "rectangle",
  "updated": 1,
  "version": 4,
  "versionNonce": 1116226695,
  "width": 30,
  "x": 0,
  "y": 40,
}
`;

exports[`move element > rectangles with binding arrow 5`] = `
{
  "angle": 0,
  "backgroundColor": "transparent",
  "boundElements": [
    {
      "id": "id2",
      "type": "arrow",
    },
  ],
  "customData": undefined,
  "fillStyle": "solid",
  "frameId": null,
  "groupIds": [],
  "height": 100,
  "id": "id0",
  "index": "a0",
  "isDeleted": false,
  "link": null,
  "locked": false,
  "opacity": 100,
  "roughness": 1,
  "roundness": {
    "type": 3,
  },
  "seed": 1278240551,
  "strokeColor": "#1e1e1e",
  "strokeStyle": "solid",
  "strokeWidth": 2,
  "type": "rectangle",
  "updated": 1,
  "version": 4,
  "versionNonce": 760410951,
  "width": 100,
  "x": 0,
  "y": 0,
}
`;

exports[`move element > rectangles with binding arrow 6`] = `
{
  "angle": 0,
  "backgroundColor": "transparent",
  "boundElements": [
    {
      "id": "id2",
      "type": "arrow",
    },
  ],
  "customData": undefined,
  "fillStyle": "solid",
  "frameId": null,
  "groupIds": [],
  "height": 300,
  "id": "id1",
  "index": "a1",
  "isDeleted": false,
  "link": null,
  "locked": false,
  "opacity": 100,
  "roughness": 1,
  "roundness": {
    "type": 3,
  },
  "seed": 1150084233,
  "strokeColor": "#1e1e1e",
  "strokeStyle": "solid",
  "strokeWidth": 2,
  "type": "rectangle",
  "updated": 1,
  "version": 7,
  "versionNonce": 745419401,
  "width": 300,
  "x": 201,
  "y": 2,
}
`;

exports[`move element > rectangles with binding arrow 7`] = `
{
  "angle": 0,
  "backgroundColor": "transparent",
  "boundElements": null,
  "customData": undefined,
  "endArrowhead": null,
  "endBinding": {
    "elementId": "id1",
    "focus": -0.46666666666666673,
    "gap": 10,
  },
  "fillStyle": "solid",
  "frameId": null,
  "groupIds": [],
  "height": 81.48231043525051,
  "id": "id2",
  "index": "a2",
  "isDeleted": false,
  "lastCommittedPoint": null,
  "link": null,
  "locked": false,
  "opacity": 100,
  "points": [
    [
      0,
      0,
    ],
    [
      81,
      81.48231043525051,
    ],
  ],
  "roughness": 1,
  "roundness": {
    "type": 2,
  },
  "seed": 1604849351,
  "startArrowhead": null,
  "startBinding": {
    "elementId": "id0",
    "focus": -0.6000000000000001,
    "gap": 10,
  },
  "strokeColor": "#1e1e1e",
  "strokeStyle": "solid",
  "strokeWidth": 2,
  "type": "line",
  "updated": 1,
  "version": 12,
  "versionNonce": 1984422985,
  "width": 81,
  "x": 110,
  "y": 49.981789081137734,
}
`;
